C51 COMPILER V9.60.0.0   EFM8SB1_SMBUS_MASTER_MULTIBYTE                                    09/22/2024 17:02:52 PAGE 1   


C51 COMPILER V9.60.0.0, COMPILATION OF MODULE EFM8SB1_SMBUS_MASTER_MULTIBYTE
OBJECT MODULE PLACED IN .\src\EFM8SB1_SMBus_Master_Multibyte.OBJ
COMPILER INVOKED BY: C:\SiliconLabs\SimplicityStudio\v5\developer\toolchains\keil_8051\9.60\BIN\C51.exe C:\Users\Yoshida
                    -_Lab\SimplicityStudio\v5_workspace\EFM8SB1_SMBus_Master_Multibyte_2\src\EFM8SB1_SMBus_Master_Multibyte.c OMF2 SMALL DEBU
                    -G OBJECTEXTEND ROM(LARGE) WARNINGLEVEL(2) FLOATFUZZY(3) OPTIMIZE(8,SPEED) DEFINE(DEBUG=1) INTVECTOR(0X0000) INTPROMOTE I
                    -NCDIR(C:\Users\Yoshida_Lab\SimplicityStudio\v5_workspace\EFM8SB1_SMBus_Master_Multibyte_2\inc;C:/SiliconLabs/SimplicityS
                    -tudio/v5/developer/sdks/8051/v4.3.1//Device/shared/si8051Base;C:/SiliconLabs/SimplicityStudio/v5/developer/sdks/8051/v4.
                    -3.1//Device/EFM8SB1/inc) PRINT(.\src\EFM8SB1_SMBus_Master_Multibyte.lst) COND PAGEWIDTH(120) PAGELENGTH(65) OBJECT(.\src
                    -\EFM8SB1_SMBus_Master_Multibyte.OBJ)

line level    source

   1          #include <SI_EFM8SB1_Register_Enums.h>                  // SI_SFR declarations
   2          #include "InitDevice.h"
   3          #include "EFM8SB1_SMBus_Master_Multibyte.h"
   4          
   5          uint8_t SMB_DATA_IN[NUM_BYTES_RD];
   6          uint8_t SMB_DATA_OUT[NUM_BYTES_WR];
   7          
   8          void SMB_LCD_Init (void);
   9          void SMB_LCD_Data (void);
  10          void T0_Waitms (uint8_t ms);
  11          
  12          int LCD_RS;
  13          void SiLabs_Startup (void) {}
  14          int main (void)
  15          {
  16   1              enter_DefaultMode_from_RESET();
  17   1              enter_Mode2_from_DefaultMode();
  18   1      
  19   1              SMB_LCD_Init();
  20   1              SMB_LCD_Data();
  21   1              while(1);
  22   1      }
  23          
  24          void SMB_LCD_Init (void)
  25          {
  26   1      
  27   1        LCD_RS = 0;
  28   1        SMB_DATA_OUT[0] = 0x38;//0011 1000 38
  29   1        SMB0CN0_STA = 1;
  30   1        T0_Waitms (100);
  31   1      
  32   1        SMB_DATA_OUT[0] = 0x39;//0011 1000 38
  33   1        SMB0CN0_STA = 1;
  34   1        T0_Waitms (100);
  35   1      
  36   1        SMB_DATA_OUT[0] = 0x14;//0011 1000 38
  37   1        SMB0CN0_STA = 1;
  38   1        T0_Waitms (100);
  39   1      
  40   1        SMB_DATA_OUT[0] = 0x53;//0011 1000 38
  41   1        SMB0CN0_STA = 1;
  42   1        T0_Waitms (100);
  43   1      
  44   1        SMB_DATA_OUT[0] = 0x73;//0011 1000 38
  45   1        SMB0CN0_STA = 1;
  46   1        T0_Waitms (100);
  47   1      
  48   1        SMB_DATA_OUT[0] = 0x6C;//0011 1000 38
  49   1        SMB0CN0_STA = 1;
  50   1        T0_Waitms (100);
C51 COMPILER V9.60.0.0   EFM8SB1_SMBUS_MASTER_MULTIBYTE                                    09/22/2024 17:02:52 PAGE 2   

  51   1      
  52   1        SMB_DATA_OUT[0] = 0x38;//0011 1000 38
  53   1        SMB0CN0_STA = 1;
  54   1        T0_Waitms (100);
  55   1      
  56   1        SMB_DATA_OUT[0] = 0x0C;//0011 1000 38
  57   1        SMB0CN0_STA = 1;
  58   1        T0_Waitms (100);
  59   1      
  60   1        SMB_DATA_OUT[0] = 0x01;//0011 1000 38
  61   1        SMB0CN0_STA = 1;
  62   1        T0_Waitms (100);
  63   1      
  64   1      }
  65          
  66          void SMB_LCD_Data (void)
  67          {
  68   1        LCD_RS = 0;
  69   1        SMB_DATA_OUT[0] = 0x80;//C0
  70   1        SMB0CN0_STA = 1;
  71   1        T0_Waitms (100);
  72   1      
  73   1        LCD_RS = 1;
  74   1        SMB_DATA_OUT[0] = 0x30;//0011 1000 38
  75   1        SMB0CN0_STA = 1;
  76   1        T0_Waitms (100);
  77   1      
  78   1        LCD_RS = 0;
  79   1        SMB_DATA_OUT[0] = 0x0F;// 0000 1100 0C
  80   1        SMB0CN0_STA = 1;
  81   1        T0_Waitms (100);
  82   1      }
  83          
  84          
  85          void T0_Waitms (uint8_t ms)
  86          {
  87   1         TCON &= ~0x30;                      // Stop Timer0; Clear TCON_TF0
  88   1         TMOD &= ~0x0f;                      // 16-bit free run mode
  89   1         TMOD |=  0x01;
  90   1      
  91   1         CKCON0 |= 0x04;                      // Timer0 counts SYSCLKs
  92   1      
  93   1         while (ms) {
  94   2            TCON_TR0 = 0;                         // Stop Timer0
  95   2            TH0 = ((-SYSCLK/1000) >> 8);     // Overflow in 1ms
  96   2            TL0 = ((-SYSCLK/1000) & 0xFF);
  97   2            TCON_TF0 = 0;                         // Clear overflow indicator
  98   2            TCON_TR0 = 1;                         // Start Timer0
  99   2            while (!TCON_TF0);                    // Wait for overflow
 100   2            ms--;                            // Update ms counter
 101   2         }
 102   1      
 103   1         TCON_TR0 = 0;                            // Stop Timer0
 104   1      }
 105          
 106          //-----------------------------------------------------------------------------
 107          // End Of File
 108          //-----------------------------------------------------------------------------


MODULE INFORMATION:   STATIC OVERLAYABLE
   CODE SIZE        =    153    ----
   CONSTANT SIZE    =   ----    ----
C51 COMPILER V9.60.0.0   EFM8SB1_SMBUS_MASTER_MULTIBYTE                                    09/22/2024 17:02:52 PAGE 3   

   XDATA SIZE       =   ----    ----
   PDATA SIZE       =   ----    ----
   DATA SIZE        =     22    ----
   IDATA SIZE       =   ----    ----
   BIT SIZE         =   ----    ----
   EDATA SIZE       =   ----    ----
   HDATA SIZE       =   ----    ----
   XDATA CONST SIZE =   ----    ----
   FAR CONST SIZE   =   ----    ----
END OF MODULE INFORMATION.


C51 COMPILATION COMPLETE.  0 WARNING(S),  0 ERROR(S)
